Microchip MPLAB XC8 Compiler V2.31

Linker command line:

-W-3 --edf=C:\Program Files\Microchip\xc8\v2.31\pic\dat\en_msgs.txt -cn \
  -h+dist/default/production\RTC_DS1307.X.production.sym \
  --cmf=dist/default/production\RTC_DS1307.X.production.cmf -z -Q18F4550 \
  -oC:\Users\yerso\AppData\Local\Temp\s438.2 --defsym=__MPLAB_BUILD=1 \
  -Mdist/default/production/RTC_DS1307.X.production.map -E1 \
  -ver=XC8 Compiler --acfsm=1493 -ASTACK=0FDh-07FFh -pstack=STACK \
  -ACODE=00h-07FFFh -ACONST=00h-07FFFh -ASMALLCONST=0800h-08FFhx120 \
  -AMEDIUMCONST=0800h-07FFFh -ACOMRAM=01h-05Fh -AABS1=00h-07FFh \
  -ABIGRAM=01h-07FFh -ARAM=060h-0FFh,0100h-01FFhx7 -ABANK0=060h-0FFh \
  -ABANK1=0100h-01FFh -ABANK2=0200h-02FFh -ABANK3=0300h-03FFh \
  -ABANK4=0400h-04FFh -ABANK5=0500h-05FFh -ABANK6=0600h-06FFh \
  -ABANK7=0700h-07FFh -ASFR=0F60h-0FFFh -ACONFIG=0300000h-030000Dh \
  -AIDLOC=0200000h-0200007h -AEEDATA=0F00000h-0F000FFh -peeprom_data=EEDATA \
  -preset_vec=00h,intcode,intcodelo,powerup,init -pramtop=0800h \
  -psmallconst=SMALLCONST -pmediumconst=MEDIUMCONST -pconst=CONST \
  -AFARRAM=00h-00h \
  -prdata=COMRAM,nvrram=COMRAM,nvbit=COMRAM,rbss=COMRAM,rbit=COMRAM \
  -pfarbss=FARRAM,fardata=FARRAM,nvFARRAM=FARRAM \
  -pintsave_regs=BIGRAM,bigbss=BIGRAM,bigdata=BIGRAM -pbss=RAM \
  -pidata=CODE,irdata=CODE,ibigdata=CODE,ifardata=CODE -prparam=COMRAM \
  C:\Users\yerso\AppData\Local\Temp\s438.o \
  dist/default/production\RTC_DS1307.X.production.o 

Object code version is 3.11

Machine type is 18F4550



                Name                               Link     Load   Length Selector   Space Scale
C:\Users\yerso\AppData\Local\Temp\s438.o
                idloc                            200000   200000        8        0       5
                config                           300000   300000        E        0       4
                init                                  0        0        4        0       0
dist/default/production\RTC_DS1307.X.production.o
                idloc                            200000   200000        8        0       5
                config                           300000   300000        E        0       4
                smallconst                          800      800       3C      400       0
                text36                             1A48     1A48       26      41E       0
                text35                             181E     181E       42      41E       0
                text34                             12B4     12B4       C4      41E       0
                text33                             143A     143A       B0      41E       0
                text32                             1608     1608       58      41E       0
                text31                             1AAA     1AAA       1A      41E       0
                text30                             1B00     1B00       14      41E       0
                text29                             174A     174A       4A      41E       0
                text28                             16FE     16FE       4C      41E       0
                text27                             1AEC     1AEC       14      41E       0
                text26                             19BC     19BC       30      41E       0
                text25                             16B2     16B2       4C      41E       0
                text24                             15AA     15AA       5E      41E       0
                text23                             1860     1860       40      41E       0
                text22                             1AD8     1AD8       14      41E       0
                text21                             1AC4     1AC4       14      41E       0
                text20                             1B14     1B14       12      41E       0
                text19                             18DC     18DC       3A      41E       0
                text18                             1A6E     1A6E       22      41E       0
                text17                             1A1A     1A1A       2E      41E       0
                text16                             19EC     19EC       2E      41E       0
                text15                             1794     1794       46      41E       0
                text14                             1B26     1B26        8      41E       0
                text13                             18A0     18A0       3C      41E       0
                text12                             194E     194E       38      41E       0
                text11                             1B2E     1B2E        2      41E       0
                text10                             11EA     11EA       CA      41E       0
                text9                              17DA     17DA       44      41E       0
                text8                              1986     1986       36      41E       0
                text7                              1378     1378       C2      41E       0
                text6                              1916     1916       38      41E       0
                text5                              154C     154C       5E      41E       0
                text4                               D46      D46      2D4      41E       0
                text3                              101A     101A      1D0      41E       0
                text2                              14EA     14EA       62      41E       0
                text1                              1660     1660       52      41E       0
                text0                               83C      83C      50A      41E       0
                cstackCOMRAM                          1        1       5D        1       1
                cstackBANK0                          60       60       5D       60       1
                bssBANK0                             BD       BD       40       60       1
                bssCOMRAM                            5E       5E        2        1       1
                cinit                              1A90     1A90       1A      41E       0

TOTAL           Name                               Link     Load   Length     Space
        CLASS   STACK          

        CLASS   CODE           
                init                                  0        0        4         0
                text36                             1A48     1A48       26         0
                text35                             181E     181E       42         0
                text34                             12B4     12B4       C4         0
                text33                             143A     143A       B0         0
                text32                             1608     1608       58         0
                text31                             1AAA     1AAA       1A         0
                text30                             1B00     1B00       14         0
                text29                             174A     174A       4A         0
                text28                             16FE     16FE       4C         0
                text27                             1AEC     1AEC       14         0
                text26                             19BC     19BC       30         0
                text25                             16B2     16B2       4C         0
                text24                             15AA     15AA       5E         0
                text23                             1860     1860       40         0
                text22                             1AD8     1AD8       14         0
                text21                             1AC4     1AC4       14         0
                text20                             1B14     1B14       12         0
                text19                             18DC     18DC       3A         0
                text18                             1A6E     1A6E       22         0
                text17                             1A1A     1A1A       2E         0
                text16                             19EC     19EC       2E         0
                text15                             1794     1794       46         0
                text14                             1B26     1B26        8         0
                text13                             18A0     18A0       3C         0
                text12                             194E     194E       38         0
                text11                             1B2E     1B2E        2         0
                text10                             11EA     11EA       CA         0
                text9                              17DA     17DA       44         0
                text8                              1986     1986       36         0
                text7                              1378     1378       C2         0
                text6                              1916     1916       38         0
                text5                              154C     154C       5E         0
                text4                               D46      D46      2D4         0
                text3                              101A     101A      1D0         0
                text2                              14EA     14EA       62         0
                text1                              1660     1660       52         0
                text0                               83C      83C      50A         0
                cinit                              1A90     1A90       1A         0

        CLASS   CONST          

        CLASS   SMALLCONST     
                smallconst                          800      800       3C         0

        CLASS   MEDIUMCONST    

        CLASS   COMRAM         
                cstackCOMRAM                          1        1       5D         1
                bssCOMRAM                            5E       5E        2         1

        CLASS   ABS1           

        CLASS   BIGRAM         

        CLASS   RAM            

        CLASS   BANK0          
                cstackBANK0                          60       60       5D         1
                bssBANK0                             BD       BD       40         1

        CLASS   BANK1          

        CLASS   BANK2          

        CLASS   BANK3          

        CLASS   BANK4          

        CLASS   BANK5          

        CLASS   BANK6          

        CLASS   BANK7          

        CLASS   SFR            

        CLASS   CONFIG         
                config                           300000   300000        E         4

        CLASS   IDLOC          
                idloc                            200000   200000        8         5

        CLASS   EEDATA         

        CLASS   FARRAM         



SEGMENTS        Name                           Load    Length   Top    Selector   Space  Class

                reset_vec                      000000  000004  000004         0       0  CODE    
                cstackCOMRAM                   000001  00005F  000060         1       1  COMRAM  
                cstackBANK0                    000060  00009D  0000FD        60       1  BANK0   
                smallconst                     000800  00003C  00083C       400       0  SMALLCON
                text0                          00083C  0012F4  001B30       41E       0  CODE    


UNUSED ADDRESS RANGES

        Name                Unused          Largest block    Delta
        BANK0            0000FD-0000FF                3
        BANK1            000100-0001FF              100
        BANK2            000200-0002FF              100
        BANK3            000300-0003FF              100
        BANK4            000400-0004FF              100
        BANK5            000500-0005FF              100
        BANK6            000600-0006FF              100
        BANK7            000700-0007FF              100
        BIGRAM           0000FD-0007FF              703
        CODE             000004-0007FF              7FC
                         001B30-007FFF             64D0
        CONST            000004-0007FF              7FC
                         001B30-007FFF             64D0
        EEDATA           F00000-F000FF              100
        MEDIUMCONST      001B30-007FFF             64D0
        RAM              0000FD-0007FF              100
        SFR              000F60-000FFF               A0
        SMALLCONST       001B30-007FFF              100
        STACK            0000FD-0007FF              703

                                  Symbol Table

?_Bcd2Dec                             cstackCOMRAM 000007
?_Dec2Bcd                             cstackCOMRAM 000009
?___awdiv                             cstackCOMRAM 000001
?___awmod                             cstackCOMRAM 000001
?___wmul                              cstackCOMRAM 000001
?_isalpha                             cstackCOMRAM 000001
?_islower                             cstackCOMRAM 000001
?_isupper                             cstackCOMRAM 000001
?_pad                                 cstackCOMRAM 000011
?_sprintf                             cstackBANK0  000060
?_strlen                              cstackCOMRAM 000001
?_toupper                             cstackCOMRAM 000007
?_vfpfcnvrt                           cstackCOMRAM 000043
?_vfprintf                            cstackCOMRAM 000056
?_xtoa                                cstackCOMRAM 00001C
Bcd2Dec@bcd                           cstackCOMRAM 000007
Bcd2Dec@dec                           cstackCOMRAM 00000C
Dec2Bcd@bdc                           cstackCOMRAM 00000D
Dec2Bcd@dec                           cstackCOMRAM 000009
I2C_Read@buffer                       cstackCOMRAM 000002
I2C_Read@flag                         cstackCOMRAM 000001
I2C_Repeated_Start@slave_read_address cstackCOMRAM 000002
I2C_Start@slave_write_address         cstackCOMRAM 000002
I2C_Write@data                        cstackCOMRAM 000001
LCD_Char@dat                          cstackCOMRAM 000008
LCD_Command@cmd                       cstackCOMRAM 000008
LCD_String@msg                        cstackCOMRAM 000009
LCD_String_xy@location                cstackCOMRAM 00000F
LCD_String_xy@msg                     cstackCOMRAM 00000C
LCD_String_xy@pos                     cstackCOMRAM 00000B
LCD_String_xy@row                     cstackCOMRAM 00000E
MSdelay@i                             cstackCOMRAM 000003
MSdelay@j                             cstackCOMRAM 000005
MSdelay@val                           cstackCOMRAM 000001
RTC_Read_Clock@read_clock_address     cstackCOMRAM 000004
_ACKDT                                (abs)        007E2D
_ACKEN                                (abs)        007E2C
_ACKSTAT                              (abs)        007E2E
_Bcd2Dec                              text35       00181E
_Date                                 bssBANK0     0000D3
_Day                                  bssBANK0     0000D5
_Dec2Bcd                              text32       001608
_I2C_Ack                              text22       001AD8
_I2C_Init                             text31       001AAA
_I2C_Nack                             text21       001AC4
_I2C_Read                             text19       0018DC
_I2C_Ready                            text20       001B14
_I2C_Repeated_Start                   text17       001A1A
_I2C_Start                            text16       0019EC
_I2C_Stop                             text30       001B00
_I2C_Write                            text18       001A6E
_LATD                                 (abs)        000F8C
_LATD2                                (abs)        007C62
_LATD3                                (abs)        007C63
_LATDbits                             (abs)        000F8C
_LCD_Char                             text25       0016B2
_LCD_Clear                            text27       001AEC
_LCD_Command                          text28       0016FE
_LCD_Init                             text26       0019BC
_LCD_String                           text24       0015AA
_LCD_String_xy                        text23       001860
_MSdelay                              text29       00174A
_Month                                bssBANK0     0000D1
_OSCCON                               (abs)        000FD3
_PEN                                  (abs)        007E2A
_PORTBbits                            (abs)        000F81
_RCEN                                 (abs)        007E2B
_RSEN                                 (abs)        007E29
_RTC_Read_Clock                       text15       001794
_SSPADD                               (abs)        000FC8
_SSPBUF                               (abs)        000FC9
_SSPCON1                              (abs)        000FC6
_SSPCON2                              (abs)        000FC5
_SSPCON2bits                          (abs)        000FC5
_SSPIE                                (abs)        007CEB
_SSPIF                                (abs)        007CF3
_SSPSTAT                              (abs)        000FC7
_SSPSTATbits                          (abs)        000FC7
_TRISB0                               (abs)        007C98
_TRISB1                               (abs)        007C99
_TRISBbits                            (abs)        000F93
_TRISD                                (abs)        000F95
_TRISDbits                            (abs)        000F95
_Year                                 bssBANK0     0000CF
__HRAM                                (abs)        000000
__Habs1                               abs1         000000
__Hbank0                              bank0        000000
__Hbank1                              bank1        000000
__Hbank2                              bank2        000000
__Hbank3                              bank3        000000
__Hbank4                              bank4        000000
__Hbank5                              bank5        000000
__Hbank6                              bank6        000000
__Hbank7                              bank7        000000
__Hbigbss                             bigbss       000000
__Hbigdata                            bigdata      000000
__Hbigram                             bigram       000000
__Hbss                                bss          000000
__HbssBANK0                           bssBANK0     000000
__HbssCOMRAM                          bssCOMRAM    000000
__Hcinit                              cinit        000000
__Hclrtext                            clrtext      000000
__Hcomram                             comram       000000
__Hconfig                             config       30000E
__Hconst                              const        000000
__HcstackBANK0                        cstackBANK0  000000
__HcstackCOMRAM                       cstackCOMRAM 000000
__Hdata                               data         000000
__Heeprom_data                        eeprom_data  000000
__Hfarbss                             farbss       000000
__Hfardata                            fardata      000000
__Hibigdata                           ibigdata     000000
__Hidata                              idata        000000
__Hidloc                              idloc        200008
__Hifardata                           ifardata     000000
__Hinit                               init         000004
__Hintcode                            intcode      000000
__Hintcode_body                       intcode_body 000000
__Hintcodelo                          intcodelo    000000
__Hintentry                           intentry     000000
__Hintret                             intret       000000
__Hintsave_regs                       intsave_regs 000000
__Hirdata                             irdata       000000
__Hmediumconst                        mediumconst  000000
__HnvFARRAM                           nvFARRAM     000000
__Hnvbit                              nvbit        000000
__Hnvrram                             nvrram       000000
__Hparam                              rparam       000000
__Hpowerup                            powerup      000000
__Hram                                ram          000000
__Hramtop                             ramtop       000800
__Hrbit                               rbit         000000
__Hrbss                               rbss         000000
__Hrdata                              rdata        000000
__Hreset_vec                          reset_vec    000000
__Hrparam                             rparam       000000
__Hsfr                                sfr          000000
__Hsmallconst                         smallconst   00083C
__Hspace_0                            (abs)        001B30
__Hspace_1                            (abs)        0000FD
__Hspace_2                            (abs)        000000
__Hspace_4                            (abs)        60000E
__Hstack                              stack        000000
__Hstruct                             struct       000000
__Htemp                               temp         000000
__Htext                               text         000000
__Htext0                              text0        000000
__Htext1                              text1        000000
__Htext10                             text10       000000
__Htext11                             text11       000000
__Htext12                             text12       000000
__Htext13                             text13       000000
__Htext14                             text14       000000
__Htext15                             text15       000000
__Htext16                             text16       000000
__Htext17                             text17       000000
__Htext18                             text18       000000
__Htext19                             text19       000000
__Htext2                              text2        000000
__Htext20                             text20       000000
__Htext21                             text21       000000
__Htext22                             text22       000000
__Htext23                             text23       000000
__Htext24                             text24       000000
__Htext25                             text25       000000
__Htext26                             text26       000000
__Htext27                             text27       000000
__Htext28                             text28       000000
__Htext29                             text29       000000
__Htext3                              text3        000000
__Htext30                             text30       000000
__Htext31                             text31       000000
__Htext32                             text32       000000
__Htext33                             text33       000000
__Htext34                             text34       000000
__Htext35                             text35       000000
__Htext36                             text36       000000
__Htext4                              text4        000000
__Htext5                              text5        000000
__Htext6                              text6        000000
__Htext7                              text7        000000
__Htext8                              text8        000000
__Htext9                              text9        000000
__LRAM                                (abs)        000001
__Labs1                               abs1         000000
__Lbank0                              bank0        000000
__Lbank1                              bank1        000000
__Lbank2                              bank2        000000
__Lbank3                              bank3        000000
__Lbank4                              bank4        000000
__Lbank5                              bank5        000000
__Lbank6                              bank6        000000
__Lbank7                              bank7        000000
__Lbigbss                             bigbss       000000
__Lbigdata                            bigdata      000000
__Lbigram                             bigram       000000
__Lbss                                bss          000000
__LbssBANK0                           bssBANK0     000000
__LbssCOMRAM                          bssCOMRAM    000000
__Lcinit                              cinit        000000
__Lclrtext                            clrtext      000000
__Lcomram                             comram       000000
__Lconfig                             config       000000
__Lconst                              const        000000
__LcstackBANK0                        cstackBANK0  000000
__LcstackCOMRAM                       cstackCOMRAM 000000
__Ldata                               data         000000
__Leeprom_data                        eeprom_data  000000
__Lfarbss                             farbss       000000
__Lfardata                            fardata      000000
__Libigdata                           ibigdata     000000
__Lidata                              idata        000000
__Lidloc                              idloc        000000
__Lifardata                           ifardata     000000
__Linit                               init         000000
__Lintcode                            intcode      000000
__Lintcode_body                       intcode_body 000000
__Lintcodelo                          intcodelo    000000
__Lintentry                           intentry     000000
__Lintret                             intret       000000
__Lintsave_regs                       intsave_regs 000000
__Lirdata                             irdata       000000
__Lmediumconst                        mediumconst  000000
__LnvFARRAM                           nvFARRAM     000000
__Lnvbit                              nvbit        000000
__Lnvrram                             nvrram       000000
__Lparam                              rparam       000000
__Lpowerup                            powerup      000000
__Lram                                ram          000000
__Lramtop                             ramtop       000800
__Lrbit                               rbit         000000
__Lrbss                               rbss         000000
__Lrdata                              rdata        000000
__Lreset_vec                          reset_vec    000000
__Lrparam                             rparam       000000
__Lsfr                                sfr          000000
__Lsmallconst                         smallconst   000800
__Lspace_0                            (abs)        000000
__Lspace_1                            (abs)        000000
__Lspace_2                            (abs)        000000
__Lspace_4                            (abs)        000000
__Lstack                              stack        000000
__Lstruct                             struct       000000
__Ltemp                               temp         000000
__Ltext                               text         000000
__Ltext0                              text0        000000
__Ltext1                              text1        000000
__Ltext10                             text10       000000
__Ltext11                             text11       000000
__Ltext12                             text12       000000
__Ltext13                             text13       000000
__Ltext14                             text14       000000
__Ltext15                             text15       000000
__Ltext16                             text16       000000
__Ltext17                             text17       000000
__Ltext18                             text18       000000
__Ltext19                             text19       000000
__Ltext2                              text2        000000
__Ltext20                             text20       000000
__Ltext21                             text21       000000
__Ltext22                             text22       000000
__Ltext23                             text23       000000
__Ltext24                             text24       000000
__Ltext25                             text25       000000
__Ltext26                             text26       000000
__Ltext27                             text27       000000
__Ltext28                             text28       000000
__Ltext29                             text29       000000
__Ltext3                              text3        000000
__Ltext30                             text30       000000
__Ltext31                             text31       000000
__Ltext32                             text32       000000
__Ltext33                             text33       000000
__Ltext34                             text34       000000
__Ltext35                             text35       000000
__Ltext36                             text36       000000
__Ltext4                              text4        000000
__Ltext5                              text5        000000
__Ltext6                              text6        000000
__Ltext7                              text7        000000
__Ltext8                              text8        000000
__Ltext9                              text9        000000
__S0                                  (abs)        001B30
__S1                                  (abs)        0000FD
__S2                                  (abs)        000000
__S4                                  (abs)        000000
__S5                                  (abs)        000000
___awdiv                              text34       0012B4
___awdiv@counter                      cstackCOMRAM 000005
___awdiv@dividend                     cstackCOMRAM 000001
___awdiv@divisor                      cstackCOMRAM 000003
___awdiv@quotient                     cstackCOMRAM 000007
___awdiv@sign                         cstackCOMRAM 000006
___awmod                              text33       00143A
___awmod@counter                      cstackCOMRAM 000005
___awmod@dividend                     cstackCOMRAM 000001
___awmod@divisor                      cstackCOMRAM 000003
___awmod@sign                         cstackCOMRAM 000006
___inthi_sp                           stack        000000
___intlo_sp                           stack        000000
___param_bank                         (abs)        000000
___rparam_used                        (abs)        000001
___sp                                 stack        000000
___wmul                               text36       001A48
___wmul@multiplicand                  cstackCOMRAM 000003
___wmul@multiplier                    cstackCOMRAM 000001
___wmul@product                       cstackCOMRAM 000005
__accesstop                           (abs)        000060
__activetblptr                        (abs)        000002
__end_of_Bcd2Dec                      text35       001860
__end_of_Dec2Bcd                      text32       001660
__end_of_I2C_Ack                      text22       001AEC
__end_of_I2C_Init                     text31       001AC4
__end_of_I2C_Nack                     text21       001AD8
__end_of_I2C_Read                     text19       001916
__end_of_I2C_Ready                    text20       001B26
__end_of_I2C_Repeated_Start           text17       001A48
__end_of_I2C_Start                    text16       001A1A
__end_of_I2C_Stop                     text30       001B14
__end_of_I2C_Write                    text18       001A90
__end_of_LCD_Char                     text25       0016FE
__end_of_LCD_Clear                    text27       001B00
__end_of_LCD_Command                  text28       00174A
__end_of_LCD_Init                     text26       0019EC
__end_of_LCD_String                   text24       001608
__end_of_LCD_String_xy                text23       0018A0
__end_of_MSdelay                      text29       001794
__end_of_RTC_Read_Clock               text15       0017DA
__end_of___awdiv                      text34       001378
__end_of___awmod                      text33       0014EA
__end_of___wmul                       text36       001A6E
__end_of__initialization              cinit        001AA0
__end_of_fputc                        text10       0012B4
__end_of_fputs                        text9        00181E
__end_of_init_leds_botons             text14       001B2E
__end_of_isalpha                      text13       0018DC
__end_of_islower                      text6        00194E
__end_of_isupper                      text12       001986
__end_of_main                         text0        000D46
__end_of_pad                          text7        00143A
__end_of_putch                        text11       001B30
__end_of_sprintf                      text1        0016B2
__end_of_strlen                       text8        0019BC
__end_of_toupper                      text5        0015AA
__end_of_vfpfcnvrt                    text3        0011EA
__end_of_vfprintf                     text2        00154C
__end_of_xtoa                         text4        00101A
__initialization                      cinit        001A90
__mediumconst                         mediumconst  000000
__pbssBANK0                           bssBANK0     0000BD
__pbssCOMRAM                          bssCOMRAM    00005E
__pcinit                              cinit        001A90
__pcstackBANK0                        cstackBANK0  000060
__pcstackCOMRAM                       cstackCOMRAM 000001
__psmallconst                         smallconst   000800
__ptext0                              text0        00083C
__ptext1                              text1        001660
__ptext10                             text10       0011EA
__ptext11                             text11       001B2E
__ptext12                             text12       00194E
__ptext13                             text13       0018A0
__ptext14                             text14       001B26
__ptext15                             text15       001794
__ptext16                             text16       0019EC
__ptext17                             text17       001A1A
__ptext18                             text18       001A6E
__ptext19                             text19       0018DC
__ptext2                              text2        0014EA
__ptext20                             text20       001B14
__ptext21                             text21       001AC4
__ptext22                             text22       001AD8
__ptext23                             text23       001860
__ptext24                             text24       0015AA
__ptext25                             text25       0016B2
__ptext26                             text26       0019BC
__ptext27                             text27       001AEC
__ptext28                             text28       0016FE
__ptext29                             text29       00174A
__ptext3                              text3        00101A
__ptext30                             text30       001B00
__ptext31                             text31       001AAA
__ptext32                             text32       001608
__ptext33                             text33       00143A
__ptext34                             text34       0012B4
__ptext35                             text35       00181E
__ptext36                             text36       001A48
__ptext4                              text4        000D46
__ptext5                              text5        00154C
__ptext6                              text6        001916
__ptext7                              text7        001378
__ptext8                              text8        001986
__ptext9                              text9        0017DA
__ramtop                              ramtop       000800
__size_of_Bcd2Dec                     (abs)        000000
__size_of_Dec2Bcd                     (abs)        000000
__size_of_I2C_Ack                     (abs)        000000
__size_of_I2C_Init                    (abs)        000000
__size_of_I2C_Nack                    (abs)        000000
__size_of_I2C_Read                    (abs)        000000
__size_of_I2C_Ready                   (abs)        000000
__size_of_I2C_Repeated_Start          (abs)        000000
__size_of_I2C_Start                   (abs)        000000
__size_of_I2C_Stop                    (abs)        000000
__size_of_I2C_Write                   (abs)        000000
__size_of_LCD_Char                    (abs)        000000
__size_of_LCD_Clear                   (abs)        000000
__size_of_LCD_Command                 (abs)        000000
__size_of_LCD_Init                    (abs)        000000
__size_of_LCD_String                  (abs)        000000
__size_of_LCD_String_xy               (abs)        000000
__size_of_MSdelay                     (abs)        000000
__size_of_RTC_Read_Clock              (abs)        000000
__size_of___awdiv                     (abs)        000000
__size_of___awmod                     (abs)        000000
__size_of___wmul                      (abs)        000000
__size_of_fputc                       (abs)        000000
__size_of_fputs                       (abs)        000000
__size_of_init_leds_botons            (abs)        000000
__size_of_isalpha                     (abs)        000000
__size_of_islower                     (abs)        000000
__size_of_isupper                     (abs)        000000
__size_of_main                        (abs)        000000
__size_of_pad                         (abs)        000000
__size_of_putch                       (abs)        000000
__size_of_sprintf                     (abs)        000000
__size_of_strlen                      (abs)        000000
__size_of_toupper                     (abs)        000000
__size_of_vfpfcnvrt                   (abs)        000000
__size_of_vfprintf                    (abs)        000000
__size_of_xtoa                        (abs)        000000
__smallconst                          smallconst   000800
_alarma                               bssBANK0     0000CD
_count_pomo                           bssBANK0     0000C5
_count_pomo_fail                      bssBANK0     0000C3
_counter_min                          bssBANK0     0000C9
_counter_sec                          bssBANK0     0000CB
_dbuf                                 bssBANK0     0000DD
_flags                                bssCOMRAM    00005E
_fputc                                text10       0011EA
_fputs                                text9        0017DA
_hour                                 bssBANK0     0000D7
_init_leds_botons                     text14       001B26
_isalpha                              text13       0018A0
_islower                              text6        001916
_isupper                              text12       00194E
_main                                 text0        00083C
_min                                  bssBANK0     0000D9
_nout                                 bssBANK0     0000BD
_pad                                  text7        001378
_prec                                 bssBANK0     0000C1
_putch                                text11       001B2E
_run                                  bssBANK0     0000C7
_sec                                  bssBANK0     0000DB
_sprintf                              text1        001660
_strlen                               text8        001986
_toupper                              text5        00154C
_toupper$1207                         cstackCOMRAM 00000D
_vfpfcnvrt                            text3        00101A
_vfprintf                             text2        0014EA
_width                                bssBANK0     0000BF
_xtoa                                 text4        000D46
_xtoa$1124                            cstackCOMRAM 00002F
_xtoa$1125                            cstackCOMRAM 000031
end_of_initialization                 cinit        001AA0
fputc@c                               cstackCOMRAM 000001
fputc@fp                              cstackCOMRAM 000003
fputs@c                               cstackCOMRAM 00000E
fputs@fp                              cstackCOMRAM 00000C
fputs@i                               cstackCOMRAM 00000F
fputs@s                               cstackCOMRAM 00000A
intlevel0                             text         000000
intlevel1                             text         000000
intlevel2                             text         000000
intlevel3                             text         000000
isalpha@c                             cstackCOMRAM 000001
islower@c                             cstackCOMRAM 000001
isupper@c                             cstackCOMRAM 000001
main@AM_PM                            cstackBANK0  0000BC
main@Clock_type                       cstackBANK0  0000BB
main@aux                              cstackBANK0  0000B1
main@counters_min                     cstackBANK0  0000A7
main@counters_pomos                   cstackBANK0  00007F
main@counters_sec                     cstackBANK0  000075
main@hours                            cstackBANK0  00009D
main@mins                             cstackBANK0  000093
main@print_fail                       cstackBANK0  0000B9
main@print_min                        cstackBANK0  0000B5
main@print_pomo                       cstackBANK0  0000B7
main@print_sec                        cstackBANK0  0000B3
main@secs                             cstackBANK0  000089
pad@buf                               cstackCOMRAM 000013
pad@fp                                cstackCOMRAM 000011
pad@i                                 cstackCOMRAM 000018
pad@p                                 cstackCOMRAM 000015
pad@w                                 cstackCOMRAM 00001A
sprintf@ap                            cstackBANK0  00006A
sprintf@f                             cstackBANK0  00006C
sprintf@fmt                           cstackBANK0  000062
sprintf@s                             cstackBANK0  000060
stackhi                               (abs)        0007FF
stacklo                               (abs)        0000FD
start                                 init         000000
start_initialization                  cinit        001A90
strlen@a                              cstackCOMRAM 000003
strlen@s                              cstackCOMRAM 000001
toupper@c                             cstackCOMRAM 000007
vfpfcnvrt@ap                          cstackCOMRAM 000047
vfpfcnvrt@c                           cstackCOMRAM 000055
vfpfcnvrt@fmt                         cstackCOMRAM 000045
vfpfcnvrt@fp                          cstackCOMRAM 000043
vfpfcnvrt@llu                         cstackCOMRAM 00004D
vfprintf@ap                           cstackCOMRAM 00005A
vfprintf@cfmt                         cstackCOMRAM 00005C
vfprintf@fmt                          cstackCOMRAM 000058
vfprintf@fp                           cstackCOMRAM 000056
xtoa@c                                cstackCOMRAM 000041
xtoa@d                                cstackCOMRAM 00001E
xtoa@fp                               cstackCOMRAM 00001C
xtoa@i                                cstackCOMRAM 00003F
xtoa@n                                cstackCOMRAM 000037
xtoa@p                                cstackCOMRAM 000033
xtoa@w                                cstackCOMRAM 000035
xtoa@x                                cstackCOMRAM 000026


FUNCTION INFORMATION:

 *************** function _main *****************
 Defined at:
		line 69 in file "RTC.c"
 Parameters:    Size  Location     Type
		None
 Auto vars:     Size  Location     Type
  print_fail      2   89[BANK0 ] int 
  print_pomo      2   87[BANK0 ] int 
  print_min       2   85[BANK0 ] int 
  print_sec       2   83[BANK0 ] int 
  aux             2   81[BANK0 ] int 
  counters_min   10   71[BANK0 ] unsigned char [10]
  hours          10   61[BANK0 ] unsigned char [10]
  mins           10   51[BANK0 ] unsigned char [10]
  secs           10   41[BANK0 ] unsigned char [10]
  counters_pom   10   31[BANK0 ] unsigned char [10]
  counters_sec   10   21[BANK0 ] unsigned char [10]
  AM_PM           1   92[BANK0 ] unsigned char 
  Clock_type      1   91[BANK0 ] unsigned char 
 Return value:  Size  Location     Type
                  1    wreg      void 
 Registers used:
		wreg, fsr1l, fsr1h, fsr2l, fsr2h, status,2, status,0, tblptrl, tblptrh, tblptru, prodl, prodh, cstack
 Tracked objects:
		On entry : 
		On exit  : 
		Unchanged: 
 Data sizes:     COMRAM   BANK0   BANK1   BANK2   BANK3   BANK4   BANK5   BANK6   BANK7
      Params:         0       0       0       0       0       0       0       0       0
      Locals:         0      72       0       0       0       0       0       0       0
      Temps:          0       3       0       0       0       0       0       0       0
      Totals:         0      75       0       0       0       0       0       0       0
Total ram usage:       75 bytes
 Hardware stack levels required when called:    8
 This function calls:
		_Bcd2Dec
		_Dec2Bcd
		_I2C_Init
		_I2C_Stop
		_LCD_Clear
		_LCD_Init
		_LCD_String
		_LCD_String_xy
		_MSdelay
		_RTC_Read_Clock
		___awmod
		_init_leds_botons
		_sprintf
 This function is called by:
		Startup code after reset
 This function uses a non-reentrant model


 *************** function _sprintf *****************
 Defined at:
		line 9 in file "C:\Program Files\Microchip\xc8\v2.31\pic\sources\c99\common\nf_sprintf.c"
 Parameters:    Size  Location     Type
  s               2    0[BANK0 ] PTR unsigned char 
		 -> main@counters_pomos(10), main@counters_sec(10), main@counters_min(10), main@hours(10), 
		 -> main@mins(10), main@secs(10), 
  fmt             2    2[BANK0 ] PTR const unsigned char 
		 -> STR_12(9), STR_11(4), STR_10(10), STR_9(16), 
		 -> STR_8(8), STR_7(4), STR_6(4), STR_5(8), 
		 -> STR_4(4), STR_3(4), 
 Auto vars:     Size  Location     Type
  f               6   12[BANK0 ] struct _IO_FILE
  ap              2   10[BANK0 ] PTR void [1]
		 -> ?_sprintf(2), 
  ret             2    0        int 
 Return value:  Size  Location     Type
                  2    0[BANK0 ] int 
 Registers used:
		wreg, fsr1l, fsr1h, fsr2l, fsr2h, status,2, status,0, tblptrl, tblptrh, tblptru, cstack
 Tracked objects:
		On entry : 
		On exit  : 
		Unchanged: 
 Data sizes:     COMRAM   BANK0   BANK1   BANK2   BANK3   BANK4   BANK5   BANK6   BANK7
      Params:         0       8       0       0       0       0       0       0       0
      Locals:         0      10       0       0       0       0       0       0       0
      Temps:          0       0       0       0       0       0       0       0       0
      Totals:         0      18       0       0       0       0       0       0       0
Total ram usage:       18 bytes
 Hardware stack levels used:    1
 Hardware stack levels required when called:    7
 This function calls:
		_vfprintf
 This function is called by:
		_main
 This function uses a non-reentrant model


 *************** function _vfprintf *****************
 Defined at:
		line 1390 in file "C:\Program Files\Microchip\xc8\v2.31\pic\sources\c99\common\doprnt.c"
 Parameters:    Size  Location     Type
  fp              2   85[COMRAM] PTR struct _IO_FILE
		 -> sprintf@f(6), 
  fmt             2   87[COMRAM] PTR const unsigned char 
		 -> STR_12(9), STR_11(4), STR_10(10), STR_9(16), 
		 -> STR_8(8), STR_7(4), STR_6(4), STR_5(8), 
		 -> STR_4(4), STR_3(4), 
  ap              2   89[COMRAM] PTR PTR void 
		 -> sprintf@ap(2), 
 Auto vars:     Size  Location     Type
  cfmt            2   91[COMRAM] PTR unsigned char 
		 -> STR_12(9), STR_11(4), STR_10(10), STR_9(16), 
		 -> STR_8(8), STR_7(4), STR_6(4), STR_5(8), 
		 -> STR_4(4), STR_3(4), 
 Return value:  Size  Location     Type
                  2   85[COMRAM] int 
 Registers used:
		wreg, fsr1l, fsr1h, fsr2l, fsr2h, status,2, status,0, tblptrl, tblptrh, tblptru, cstack
 Tracked objects:
		On entry : 
		On exit  : 
		Unchanged: 
 Data sizes:     COMRAM   BANK0   BANK1   BANK2   BANK3   BANK4   BANK5   BANK6   BANK7
      Params:         6       0       0       0       0       0       0       0       0
      Locals:         2       0       0       0       0       0       0       0       0
      Temps:          0       0       0       0       0       0       0       0       0
      Totals:         8       0       0       0       0       0       0       0       0
Total ram usage:        8 bytes
 Hardware stack levels used:    1
 Hardware stack levels required when called:    6
 This function calls:
		_vfpfcnvrt
 This function is called by:
		_sprintf
 This function uses a non-reentrant model


 *************** function _vfpfcnvrt *****************
 Defined at:
		line 692 in file "C:\Program Files\Microchip\xc8\v2.31\pic\sources\c99\common\doprnt.c"
 Parameters:    Size  Location     Type
  fp              2   66[COMRAM] PTR struct _IO_FILE
		 -> sprintf@f(6), 
  fmt             2   68[COMRAM] PTR PTR unsigned char 
		 -> vfprintf@cfmt(2), 
  ap              2   70[COMRAM] PTR PTR void 
		 -> sprintf@ap(2), 
 Auto vars:     Size  Location     Type
  llu             8   76[COMRAM] unsigned long long 
  ll              8    0        long long 
  f               4    0        long long 
  vp              3    0        PTR void 
  ct              3    0        unsigned char [3]
  cp              3    0        PTR unsigned char 
  i               2    0        int 
  done            2    0        int 
  c               1   84[COMRAM] unsigned char 
 Return value:  Size  Location     Type
                  2   66[COMRAM] int 
 Registers used:
		wreg, fsr1l, fsr1h, fsr2l, fsr2h, status,2, status,0, tblptrl, tblptrh, tblptru, cstack
 Tracked objects:
		On entry : 
		On exit  : 
		Unchanged: 
 Data sizes:     COMRAM   BANK0   BANK1   BANK2   BANK3   BANK4   BANK5   BANK6   BANK7
      Params:         6       0       0       0       0       0       0       0       0
      Locals:         9       0       0       0       0       0       0       0       0
      Temps:          4       0       0       0       0       0       0       0       0
      Totals:        19       0       0       0       0       0       0       0       0
Total ram usage:       19 bytes
 Hardware stack levels used:    1
 Hardware stack levels required when called:    5
 This function calls:
		_fputc
		_xtoa
 This function is called by:
		_vfprintf
 This function uses a non-reentrant model


 *************** function _xtoa *****************
 Defined at:
		line 645 in file "C:\Program Files\Microchip\xc8\v2.31\pic\sources\c99\common\doprnt.c"
 Parameters:    Size  Location     Type
  fp              2   27[COMRAM] PTR struct _IO_FILE
		 -> sprintf@f(6), 
  d               8   29[COMRAM] unsigned long long 
  x               1   37[COMRAM] unsigned char 
 Auto vars:     Size  Location     Type
  n               8   54[COMRAM] unsigned long long 
  c               2   64[COMRAM] int 
  i               2   62[COMRAM] int 
  w               2   52[COMRAM] int 
  p               2   50[COMRAM] int 
 Return value:  Size  Location     Type
                  2   27[COMRAM] int 
 Registers used:
		wreg, fsr1l, fsr1h, fsr2l, fsr2h, status,2, status,0, cstack
 Tracked objects:
		On entry : 
		On exit  : 
		Unchanged: 
 Data sizes:     COMRAM   BANK0   BANK1   BANK2   BANK3   BANK4   BANK5   BANK6   BANK7
      Params:        11       0       0       0       0       0       0       0       0
      Locals:        20       0       0       0       0       0       0       0       0
      Temps:          8       0       0       0       0       0       0       0       0
      Totals:        39       0       0       0       0       0       0       0       0
Total ram usage:       39 bytes
 Hardware stack levels used:    1
 Hardware stack levels required when called:    4
 This function calls:
		_isalpha
		_isupper
		_pad
		_toupper
 This function is called by:
		_vfpfcnvrt
 This function uses a non-reentrant model


 *************** function _toupper *****************
 Defined at:
		line 4 in file "C:\Program Files\Microchip\xc8\v2.31\pic\sources\c99\common\toupper.c"
 Parameters:    Size  Location     Type
  c               2    6[COMRAM] int 
 Auto vars:     Size  Location     Type
		None
 Return value:  Size  Location     Type
                  2    6[COMRAM] int 
 Registers used:
		wreg, status,2, status,0
 Tracked objects:
		On entry : 
		On exit  : 
		Unchanged: 
 Data sizes:     COMRAM   BANK0   BANK1   BANK2   BANK3   BANK4   BANK5   BANK6   BANK7
      Params:         2       0       0       0       0       0       0       0       0
      Locals:         2       0       0       0       0       0       0       0       0
      Temps:          4       0       0       0       0       0       0       0       0
      Totals:         8       0       0       0       0       0       0       0       0
Total ram usage:        8 bytes
 Hardware stack levels used:    1
 Hardware stack levels required when called:    1
 This function calls:
		_islower
 This function is called by:
		_xtoa
 This function uses a non-reentrant model


 *************** function _islower *****************
 Defined at:
		line 5 in file "C:\Program Files\Microchip\xc8\v2.31\pic\sources\c99\common\islower.c"
 Parameters:    Size  Location     Type
  c               2    0[COMRAM] int 
 Auto vars:     Size  Location     Type
		None
 Return value:  Size  Location     Type
                  2    0[COMRAM] int 
 Registers used:
		wreg, status,2, status,0
 Tracked objects:
		On entry : 
		On exit  : 
		Unchanged: 
 Data sizes:     COMRAM   BANK0   BANK1   BANK2   BANK3   BANK4   BANK5   BANK6   BANK7
      Params:         2       0       0       0       0       0       0       0       0
      Locals:         0       0       0       0       0       0       0       0       0
      Temps:          4       0       0       0       0       0       0       0       0
      Totals:         6       0       0       0       0       0       0       0       0
Total ram usage:        6 bytes
 Hardware stack levels used:    1
 This function calls:
		Nothing
 This function is called by:
		_toupper
 This function uses a non-reentrant model


 *************** function _pad *****************
 Defined at:
		line 72 in file "C:\Program Files\Microchip\xc8\v2.31\pic\sources\c99\common\doprnt.c"
 Parameters:    Size  Location     Type
  fp              2   16[COMRAM] PTR struct _IO_FILE
		 -> sprintf@f(6), 
  buf             2   18[COMRAM] PTR unsigned char 
		 -> dbuf(32), 
  p               2   20[COMRAM] int 
 Auto vars:     Size  Location     Type
  w               2   25[COMRAM] int 
  i               2   23[COMRAM] int 
 Return value:  Size  Location     Type
                  2   16[COMRAM] int 
 Registers used:
		wreg, fsr1l, fsr1h, fsr2l, fsr2h, status,2, status,0, cstack
 Tracked objects:
		On entry : 
		On exit  : 
		Unchanged: 
 Data sizes:     COMRAM   BANK0   BANK1   BANK2   BANK3   BANK4   BANK5   BANK6   BANK7
      Params:         6       0       0       0       0       0       0       0       0
      Locals:         4       0       0       0       0       0       0       0       0
      Temps:          1       0       0       0       0       0       0       0       0
      Totals:        11       0       0       0       0       0       0       0       0
Total ram usage:       11 bytes
 Hardware stack levels used:    1
 Hardware stack levels required when called:    3
 This function calls:
		_fputc
		_fputs
		_strlen
 This function is called by:
		_xtoa
 This function uses a non-reentrant model


 *************** function _strlen *****************
 Defined at:
		line 5 in file "C:\Program Files\Microchip\xc8\v2.31\pic\sources\c99\common\strlen.c"
 Parameters:    Size  Location     Type
  s               2    0[COMRAM] PTR const unsigned char 
		 -> dbuf(32), 
 Auto vars:     Size  Location     Type
  a               2    2[COMRAM] PTR const unsigned char 
		 -> dbuf(32), 
 Return value:  Size  Location     Type
                  2    0[COMRAM] unsigned int 
 Registers used:
		wreg, fsr2l, fsr2h, status,2, status,0
 Tracked objects:
		On entry : 
		On exit  : 
		Unchanged: 
 Data sizes:     COMRAM   BANK0   BANK1   BANK2   BANK3   BANK4   BANK5   BANK6   BANK7
      Params:         2       0       0       0       0       0       0       0       0
      Locals:         2       0       0       0       0       0       0       0       0
      Temps:          0       0       0       0       0       0       0       0       0
      Totals:         4       0       0       0       0       0       0       0       0
Total ram usage:        4 bytes
 Hardware stack levels used:    1
 This function calls:
		Nothing
 This function is called by:
		_pad
 This function uses a non-reentrant model


 *************** function _fputs *****************
 Defined at:
		line 8 in file "C:\Program Files\Microchip\xc8\v2.31\pic\sources\c99\common\nf_fputs.c"
 Parameters:    Size  Location     Type
  s               2    9[COMRAM] PTR const unsigned char 
		 -> dbuf(32), 
  fp              2   11[COMRAM] PTR struct _IO_FILE
		 -> sprintf@f(6), 
 Auto vars:     Size  Location     Type
  i               2   14[COMRAM] int 
  c               1   13[COMRAM] unsigned char 
 Return value:  Size  Location     Type
                  2    9[COMRAM] int 
 Registers used:
		wreg, fsr1l, fsr1h, fsr2l, fsr2h, status,2, status,0, cstack
 Tracked objects:
		On entry : 
		On exit  : 
		Unchanged: 
 Data sizes:     COMRAM   BANK0   BANK1   BANK2   BANK3   BANK4   BANK5   BANK6   BANK7
      Params:         4       0       0       0       0       0       0       0       0
      Locals:         3       0       0       0       0       0       0       0       0
      Temps:          0       0       0       0       0       0       0       0       0
      Totals:         7       0       0       0       0       0       0       0       0
Total ram usage:        7 bytes
 Hardware stack levels used:    1
 Hardware stack levels required when called:    2
 This function calls:
		_fputc
 This function is called by:
		_pad
 This function uses a non-reentrant model


 *************** function _fputc *****************
 Defined at:
		line 8 in file "C:\Program Files\Microchip\xc8\v2.31\pic\sources\c99\common\nf_fputc.c"
 Parameters:    Size  Location     Type
  c               2    0[COMRAM] int 
  fp              2    2[COMRAM] PTR struct _IO_FILE
		 -> sprintf@f(6), 
 Auto vars:     Size  Location     Type
		None
 Return value:  Size  Location     Type
                  2    0[COMRAM] int 
 Registers used:
		wreg, fsr1l, fsr1h, fsr2l, fsr2h, status,2, status,0, cstack
 Tracked objects:
		On entry : 
		On exit  : 
		Unchanged: 
 Data sizes:     COMRAM   BANK0   BANK1   BANK2   BANK3   BANK4   BANK5   BANK6   BANK7
      Params:         4       0       0       0       0       0       0       0       0
      Locals:         0       0       0       0       0       0       0       0       0
      Temps:          5       0       0       0       0       0       0       0       0
      Totals:         9       0       0       0       0       0       0       0       0
Total ram usage:        9 bytes
 Hardware stack levels used:    1
 Hardware stack levels required when called:    1
 This function calls:
		_putch
 This function is called by:
		_pad
		_vfpfcnvrt
		_fputs
 This function uses a non-reentrant model


 *************** function _putch *****************
 Defined at:
		line 7 in file "C:\Program Files\Microchip\xc8\v2.31\pic\sources\c99\common\putch.c"
 Parameters:    Size  Location     Type
  c               1    wreg     unsigned char 
 Auto vars:     Size  Location     Type
  c               1    0[COMRAM] unsigned char 
 Return value:  Size  Location     Type
                  1    wreg      void 
 Registers used:
		wreg
 Tracked objects:
		On entry : 
		On exit  : 
		Unchanged: 
 Data sizes:     COMRAM   BANK0   BANK1   BANK2   BANK3   BANK4   BANK5   BANK6   BANK7
      Params:         0       0       0       0       0       0       0       0       0
      Locals:         0       0       0       0       0       0       0       0       0
      Temps:          0       0       0       0       0       0       0       0       0
      Totals:         0       0       0       0       0       0       0       0       0
Total ram usage:        0 bytes
 Hardware stack levels used:    1
 This function calls:
		Nothing
 This function is called by:
		_fputc
 This function uses a non-reentrant model


 *************** function _isupper *****************
 Defined at:
		line 5 in file "C:\Program Files\Microchip\xc8\v2.31\pic\sources\c99\common\isupper.c"
 Parameters:    Size  Location     Type
  c               2    0[COMRAM] int 
 Auto vars:     Size  Location     Type
		None
 Return value:  Size  Location     Type
                  2    0[COMRAM] int 
 Registers used:
		wreg, status,2, status,0
 Tracked objects:
		On entry : 
		On exit  : 
		Unchanged: 
 Data sizes:     COMRAM   BANK0   BANK1   BANK2   BANK3   BANK4   BANK5   BANK6   BANK7
      Params:         2       0       0       0       0       0       0       0       0
      Locals:         0       0       0       0       0       0       0       0       0
      Temps:          4       0       0       0       0       0       0       0       0
      Totals:         6       0       0       0       0       0       0       0       0
Total ram usage:        6 bytes
 Hardware stack levels used:    1
 This function calls:
		Nothing
 This function is called by:
		_xtoa
 This function uses a non-reentrant model


 *************** function _isalpha *****************
 Defined at:
		line 5 in file "C:\Program Files\Microchip\xc8\v2.31\pic\sources\c99\common\isalpha.c"
 Parameters:    Size  Location     Type
  c               2    0[COMRAM] int 
 Auto vars:     Size  Location     Type
		None
 Return value:  Size  Location     Type
                  2    0[COMRAM] int 
 Registers used:
		wreg, status,2, status,0
 Tracked objects:
		On entry : 
		On exit  : 
		Unchanged: 
 Data sizes:     COMRAM   BANK0   BANK1   BANK2   BANK3   BANK4   BANK5   BANK6   BANK7
      Params:         2       0       0       0       0       0       0       0       0
      Locals:         0       0       0       0       0       0       0       0       0
      Temps:          4       0       0       0       0       0       0       0       0
      Totals:         6       0       0       0       0       0       0       0       0
Total ram usage:        6 bytes
 Hardware stack levels used:    1
 This function calls:
		Nothing
 This function is called by:
		_xtoa
 This function uses a non-reentrant model


 *************** function _init_leds_botons *****************
 Defined at:
		line 59 in file "RTC.c"
 Parameters:    Size  Location     Type
		None
 Auto vars:     Size  Location     Type
		None
 Return value:  Size  Location     Type
                  1    wreg      void 
 Registers used:
		None
 Tracked objects:
		On entry : 
		On exit  : 
		Unchanged: 
 Data sizes:     COMRAM   BANK0   BANK1   BANK2   BANK3   BANK4   BANK5   BANK6   BANK7
      Params:         0       0       0       0       0       0       0       0       0
      Locals:         0       0       0       0       0       0       0       0       0
      Temps:          0       0       0       0       0       0       0       0       0
      Totals:         0       0       0       0       0       0       0       0       0
Total ram usage:        0 bytes
 Hardware stack levels used:    1
 This function calls:
		Nothing
 This function is called by:
		_main
 This function uses a non-reentrant model


 *************** function _RTC_Read_Clock *****************
 Defined at:
		line 27 in file "RTC.c"
 Parameters:    Size  Location     Type
  read_clock_a    1    wreg     unsigned char 
 Auto vars:     Size  Location     Type
  read_clock_a    1    3[COMRAM] unsigned char 
 Return value:  Size  Location     Type
                  1    wreg      void 
 Registers used:
		wreg, status,2, status,0, cstack
 Tracked objects:
		On entry : 
		On exit  : 
		Unchanged: 
 Data sizes:     COMRAM   BANK0   BANK1   BANK2   BANK3   BANK4   BANK5   BANK6   BANK7
      Params:         0       0       0       0       0       0       0       0       0
      Locals:         1       0       0       0       0       0       0       0       0
      Temps:          1       0       0       0       0       0       0       0       0
      Totals:         2       0       0       0       0       0       0       0       0
Total ram usage:        2 bytes
 Hardware stack levels used:    1
 Hardware stack levels required when called:    3
 This function calls:
		_I2C_Read
		_I2C_Repeated_Start
		_I2C_Start
		_I2C_Write
 This function is called by:
		_main
 This function uses a non-reentrant model


 *************** function _I2C_Start *****************
 Defined at:
		line 68 in file "PIC18F4550_I2C_Source_File.c"
 Parameters:    Size  Location     Type
  slave_write_    1    wreg     unsigned char 
 Auto vars:     Size  Location     Type
  slave_write_    1    1[COMRAM] unsigned char 
 Return value:  Size  Location     Type
                  1    wreg      unsigned char 
 Registers used:
		wreg, status,2, cstack
 Tracked objects:
		On entry : 
		On exit  : 
		Unchanged: 
 Data sizes:     COMRAM   BANK0   BANK1   BANK2   BANK3   BANK4   BANK5   BANK6   BANK7
      Params:         0       0       0       0       0       0       0       0       0
      Locals:         1       0       0       0       0       0       0       0       0
      Temps:          0       0       0       0       0       0       0       0       0
      Totals:         1       0       0       0       0       0       0       0       0
Total ram usage:        1 bytes
 Hardware stack levels used:    1
 Hardware stack levels required when called:    2
 This function calls:
		_I2C_Write
 This function is called by:
		_RTC_Read_Clock
		_RTC_Clock_Write
 This function uses a non-reentrant model


 *************** function _I2C_Repeated_Start *****************
 Defined at:
		line 79 in file "PIC18F4550_I2C_Source_File.c"
 Parameters:    Size  Location     Type
  slave_read_a    1    wreg     unsigned char 
 Auto vars:     Size  Location     Type
  slave_read_a    1    1[COMRAM] unsigned char 
 Return value:  Size  Location     Type
                  1    wreg      unsigned char 
 Registers used:
		wreg, status,2, cstack
 Tracked objects:
		On entry : 
		On exit  : 
		Unchanged: 
 Data sizes:     COMRAM   BANK0   BANK1   BANK2   BANK3   BANK4   BANK5   BANK6   BANK7
      Params:         0       0       0       0       0       0       0       0       0
      Locals:         1       0       0       0       0       0       0       0       0
      Temps:          0       0       0       0       0       0       0       0       0
      Totals:         1       0       0       0       0       0       0       0       0
Total ram usage:        1 bytes
 Hardware stack levels used:    1
 Hardware stack levels required when called:    2
 This function calls:
		_I2C_Write
 This function is called by:
		_RTC_Read_Clock
 This function uses a non-reentrant model


 *************** function _I2C_Write *****************
 Defined at:
		line 101 in file "PIC18F4550_I2C_Source_File.c"
 Parameters:    Size  Location     Type
  data            1    wreg     unsigned char 
 Auto vars:     Size  Location     Type
  data            1    0[COMRAM] unsigned char 
 Return value:  Size  Location     Type
                  1    wreg      unsigned char 
 Registers used:
		wreg, cstack
 Tracked objects:
		On entry : 
		On exit  : 
		Unchanged: 
 Data sizes:     COMRAM   BANK0   BANK1   BANK2   BANK3   BANK4   BANK5   BANK6   BANK7
      Params:         0       0       0       0       0       0       0       0       0
      Locals:         1       0       0       0       0       0       0       0       0
      Temps:          0       0       0       0       0       0       0       0       0
      Totals:         1       0       0       0       0       0       0       0       0
Total ram usage:        1 bytes
 Hardware stack levels used:    1
 Hardware stack levels required when called:    1
 This function calls:
		_I2C_Ready
 This function is called by:
		_RTC_Read_Clock
		_I2C_Start
		_I2C_Repeated_Start
		_RTC_Clock_Write
		_I2C_Start_Wait
 This function uses a non-reentrant model


 *************** function _I2C_Read *****************
 Defined at:
		line 12 in file "PIC18F4550_I2C_Source_File.c"
 Parameters:    Size  Location     Type
  flag            1    wreg     unsigned char 
 Auto vars:     Size  Location     Type
  flag            1    0[COMRAM] unsigned char 
  buffer          1    1[COMRAM] unsigned char 
 Return value:  Size  Location     Type
                  1    wreg      unsigned char 
 Registers used:
		wreg, status,2, cstack
 Tracked objects:
		On entry : 
		On exit  : 
		Unchanged: 
 Data sizes:     COMRAM   BANK0   BANK1   BANK2   BANK3   BANK4   BANK5   BANK6   BANK7
      Params:         0       0       0       0       0       0       0       0       0
      Locals:         2       0       0       0       0       0       0       0       0
      Temps:          0       0       0       0       0       0       0       0       0
      Totals:         2       0       0       0       0       0       0       0       0
Total ram usage:        2 bytes
 Hardware stack levels used:    1
 Hardware stack levels required when called:    1
 This function calls:
		_I2C_Ack
		_I2C_Nack
		_I2C_Ready
 This function is called by:
		_RTC_Read_Clock
 This function uses a non-reentrant model


 *************** function _I2C_Ready *****************
 Defined at:
		line 43 in file "PIC18F4550_I2C_Source_File.c"
 Parameters:    Size  Location     Type
		None
 Auto vars:     Size  Location     Type
		None
 Return value:  Size  Location     Type
                  1    wreg      void 
 Registers used:
		None
 Tracked objects:
		On entry : 
		On exit  : 
		Unchanged: 
 Data sizes:     COMRAM   BANK0   BANK1   BANK2   BANK3   BANK4   BANK5   BANK6   BANK7
      Params:         0       0       0       0       0       0       0       0       0
      Locals:         0       0       0       0       0       0       0       0       0
      Temps:          0       0       0       0       0       0       0       0       0
      Totals:         0       0       0       0       0       0       0       0       0
Total ram usage:        0 bytes
 Hardware stack levels used:    1
 This function calls:
		Nothing
 This function is called by:
		_I2C_Read
		_I2C_Write
 This function uses a non-reentrant model


 *************** function _I2C_Nack *****************
 Defined at:
		line 118 in file "PIC18F4550_I2C_Source_File.c"
 Parameters:    Size  Location     Type
		None
 Auto vars:     Size  Location     Type
		None
 Return value:  Size  Location     Type
                  1    wreg      void 
 Registers used:
		None
 Tracked objects:
		On entry : 
		On exit  : 
		Unchanged: 
 Data sizes:     COMRAM   BANK0   BANK1   BANK2   BANK3   BANK4   BANK5   BANK6   BANK7
      Params:         0       0       0       0       0       0       0       0       0
      Locals:         0       0       0       0       0       0       0       0       0
      Temps:          0       0       0       0       0       0       0       0       0
      Totals:         0       0       0       0       0       0       0       0       0
Total ram usage:        0 bytes
 Hardware stack levels used:    1
 This function calls:
		Nothing
 This function is called by:
		_I2C_Read
 This function uses a non-reentrant model


 *************** function _I2C_Ack *****************
 Defined at:
		line 111 in file "PIC18F4550_I2C_Source_File.c"
 Parameters:    Size  Location     Type
		None
 Auto vars:     Size  Location     Type
		None
 Return value:  Size  Location     Type
                  1    wreg      void 
 Registers used:
		None
 Tracked objects:
		On entry : 
		On exit  : 
		Unchanged: 
 Data sizes:     COMRAM   BANK0   BANK1   BANK2   BANK3   BANK4   BANK5   BANK6   BANK7
      Params:         0       0       0       0       0       0       0       0       0
      Locals:         0       0       0       0       0       0       0       0       0
      Temps:          0       0       0       0       0       0       0       0       0
      Totals:         0       0       0       0       0       0       0       0       0
Total ram usage:        0 bytes
 Hardware stack levels used:    1
 This function calls:
		Nothing
 This function is called by:
		_I2C_Read
 This function uses a non-reentrant model


 *************** function _LCD_String_xy *****************
 Defined at:
		line 63 in file "LCD_16x2_4bit_mode.c"
 Parameters:    Size  Location     Type
  row             1    wreg     unsigned char 
  pos             1   10[COMRAM] unsigned char 
  msg             2   11[COMRAM] PTR const unsigned char 
		 -> main@counters_min(10), main@hours(10), STR_2(3), STR_1(3), 
 Auto vars:     Size  Location     Type
  row             1   13[COMRAM] unsigned char 
  location        1   14[COMRAM] unsigned char 
 Return value:  Size  Location     Type
                  1    wreg      void 
 Registers used:
		wreg, fsr1l, fsr1h, status,2, status,0, tblptrl, tblptrh, tblptru, cstack
 Tracked objects:
		On entry : 
		On exit  : 
		Unchanged: 
 Data sizes:     COMRAM   BANK0   BANK1   BANK2   BANK3   BANK4   BANK5   BANK6   BANK7
      Params:         3       0       0       0       0       0       0       0       0
      Locals:         2       0       0       0       0       0       0       0       0
      Temps:          0       0       0       0       0       0       0       0       0
      Totals:         5       0       0       0       0       0       0       0       0
Total ram usage:        5 bytes
 Hardware stack levels used:    1
 Hardware stack levels required when called:    3
 This function calls:
		_LCD_Command
		_LCD_String
 This function is called by:
		_main
 This function uses a non-reentrant model


 *************** function _LCD_String *****************
 Defined at:
		line 53 in file "LCD_16x2_4bit_mode.c"
 Parameters:    Size  Location     Type
  msg             2    8[COMRAM] PTR const unsigned char 
		 -> main@counters_pomos(10), main@counters_sec(10), main@counters_min(10), main@hours(10), 
		 -> main@mins(10), main@secs(10), STR_2(3), STR_1(3), 
 Auto vars:     Size  Location     Type
		None
 Return value:  Size  Location     Type
                  1    wreg      void 
 Registers used:
		wreg, fsr1l, fsr1h, status,2, status,0, tblptrl, tblptrh, tblptru, cstack
 Tracked objects:
		On entry : 
		On exit  : 
		Unchanged: 
 Data sizes:     COMRAM   BANK0   BANK1   BANK2   BANK3   BANK4   BANK5   BANK6   BANK7
      Params:         2       0       0       0       0       0       0       0       0
      Locals:         0       0       0       0       0       0       0       0       0
      Temps:          0       0       0       0       0       0       0       0       0
      Totals:         2       0       0       0       0       0       0       0       0
Total ram usage:        2 bytes
 Hardware stack levels used:    1
 Hardware stack levels required when called:    2
 This function calls:
		_LCD_Char
 This function is called by:
		_main
		_LCD_String_xy
 This function uses a non-reentrant model


 *************** function _LCD_Char *****************
 Defined at:
		line 39 in file "LCD_16x2_4bit_mode.c"
 Parameters:    Size  Location     Type
  dat             1    wreg     unsigned char 
 Auto vars:     Size  Location     Type
  dat             1    7[COMRAM] unsigned char 
 Return value:  Size  Location     Type
                  1    wreg      void 
 Registers used:
		wreg, status,2, status,0, cstack
 Tracked objects:
		On entry : 
		On exit  : 
		Unchanged: 
 Data sizes:     COMRAM   BANK0   BANK1   BANK2   BANK3   BANK4   BANK5   BANK6   BANK7
      Params:         0       0       0       0       0       0       0       0       0
      Locals:         1       0       0       0       0       0       0       0       0
      Temps:          1       0       0       0       0       0       0       0       0
      Totals:         2       0       0       0       0       0       0       0       0
Total ram usage:        2 bytes
 Hardware stack levels used:    1
 Hardware stack levels required when called:    1
 This function calls:
		_MSdelay
 This function is called by:
		_LCD_String
 This function uses a non-reentrant model


 *************** function _LCD_Init *****************
 Defined at:
		line 8 in file "LCD_16x2_4bit_mode.c"
 Parameters:    Size  Location     Type
		None
 Auto vars:     Size  Location     Type
		None
 Return value:  Size  Location     Type
                  1    wreg      void 
 Registers used:
		wreg, status,2, status,0, cstack
 Tracked objects:
		On entry : 
		On exit  : 
		Unchanged: 
 Data sizes:     COMRAM   BANK0   BANK1   BANK2   BANK3   BANK4   BANK5   BANK6   BANK7
      Params:         0       0       0       0       0       0       0       0       0
      Locals:         0       0       0       0       0       0       0       0       0
      Temps:          0       0       0       0       0       0       0       0       0
      Totals:         0       0       0       0       0       0       0       0       0
Total ram usage:        0 bytes
 Hardware stack levels used:    1
 Hardware stack levels required when called:    2
 This function calls:
		_LCD_Command
		_MSdelay
 This function is called by:
		_main
 This function uses a non-reentrant model


 *************** function _LCD_Clear *****************
 Defined at:
		line 82 in file "LCD_16x2_4bit_mode.c"
 Parameters:    Size  Location     Type
		None
 Auto vars:     Size  Location     Type
		None
 Return value:  Size  Location     Type
                  1    wreg      void 
 Registers used:
		wreg, status,2, status,0, cstack
 Tracked objects:
		On entry : 
		On exit  : 
		Unchanged: 
 Data sizes:     COMRAM   BANK0   BANK1   BANK2   BANK3   BANK4   BANK5   BANK6   BANK7
      Params:         0       0       0       0       0       0       0       0       0
      Locals:         0       0       0       0       0       0       0       0       0
      Temps:          0       0       0       0       0       0       0       0       0
      Totals:         0       0       0       0       0       0       0       0       0
Total ram usage:        0 bytes
 Hardware stack levels used:    1
 Hardware stack levels required when called:    2
 This function calls:
		_LCD_Command
		_MSdelay
 This function is called by:
		_main
 This function uses a non-reentrant model


 *************** function _LCD_Command *****************
 Defined at:
		line 21 in file "LCD_16x2_4bit_mode.c"
 Parameters:    Size  Location     Type
  cmd             1    wreg     unsigned char 
 Auto vars:     Size  Location     Type
  cmd             1    7[COMRAM] unsigned char 
 Return value:  Size  Location     Type
                  1    wreg      void 
 Registers used:
		wreg, status,2, status,0, cstack
 Tracked objects:
		On entry : 
		On exit  : 
		Unchanged: 
 Data sizes:     COMRAM   BANK0   BANK1   BANK2   BANK3   BANK4   BANK5   BANK6   BANK7
      Params:         0       0       0       0       0       0       0       0       0
      Locals:         1       0       0       0       0       0       0       0       0
      Temps:          1       0       0       0       0       0       0       0       0
      Totals:         2       0       0       0       0       0       0       0       0
Total ram usage:        2 bytes
 Hardware stack levels used:    1
 Hardware stack levels required when called:    1
 This function calls:
		_MSdelay
 This function is called by:
		_LCD_Init
		_LCD_String_xy
		_LCD_Clear
 This function uses a non-reentrant model


 *************** function _MSdelay *****************
 Defined at:
		line 88 in file "LCD_16x2_4bit_mode.c"
 Parameters:    Size  Location     Type
  val             2    0[COMRAM] unsigned int 
 Auto vars:     Size  Location     Type
  j               2    4[COMRAM] unsigned int 
  i               2    2[COMRAM] unsigned int 
 Return value:  Size  Location     Type
                  1    wreg      void 
 Registers used:
		wreg, status,2, status,0
 Tracked objects:
		On entry : 
		On exit  : 
		Unchanged: 
 Data sizes:     COMRAM   BANK0   BANK1   BANK2   BANK3   BANK4   BANK5   BANK6   BANK7
      Params:         2       0       0       0       0       0       0       0       0
      Locals:         4       0       0       0       0       0       0       0       0
      Temps:          0       0       0       0       0       0       0       0       0
      Totals:         6       0       0       0       0       0       0       0       0
Total ram usage:        6 bytes
 Hardware stack levels used:    1
 This function calls:
		Nothing
 This function is called by:
		_main
		_LCD_Init
		_LCD_Command
		_LCD_Char
		_LCD_Clear
 This function uses a non-reentrant model


 *************** function _I2C_Stop *****************
 Defined at:
		line 93 in file "PIC18F4550_I2C_Source_File.c"
 Parameters:    Size  Location     Type
		None
 Auto vars:     Size  Location     Type
		None
 Return value:  Size  Location     Type
                  1    wreg      unsigned char 
 Registers used:
		wreg
 Tracked objects:
		On entry : 
		On exit  : 
		Unchanged: 
 Data sizes:     COMRAM   BANK0   BANK1   BANK2   BANK3   BANK4   BANK5   BANK6   BANK7
      Params:         0       0       0       0       0       0       0       0       0
      Locals:         0       0       0       0       0       0       0       0       0
      Temps:          0       0       0       0       0       0       0       0       0
      Totals:         0       0       0       0       0       0       0       0       0
Total ram usage:        0 bytes
 Hardware stack levels used:    1
 This function calls:
		Nothing
 This function is called by:
		_main
		_RTC_Clock_Write
		_I2C_Start_Wait
 This function uses a non-reentrant model


 *************** function _I2C_Init *****************
 Defined at:
		line 29 in file "PIC18F4550_I2C_Source_File.c"
 Parameters:    Size  Location     Type
		None
 Auto vars:     Size  Location     Type
		None
 Return value:  Size  Location     Type
                  1    wreg      void 
 Registers used:
		wreg, status,2
 Tracked objects:
		On entry : 
		On exit  : 
		Unchanged: 
 Data sizes:     COMRAM   BANK0   BANK1   BANK2   BANK3   BANK4   BANK5   BANK6   BANK7
      Params:         0       0       0       0       0       0       0       0       0
      Locals:         0       0       0       0       0       0       0       0       0
      Temps:          0       0       0       0       0       0       0       0       0
      Totals:         0       0       0       0       0       0       0       0       0
Total ram usage:        0 bytes
 Hardware stack levels used:    1
 This function calls:
		Nothing
 This function is called by:
		_main
 This function uses a non-reentrant model


 *************** function _Dec2Bcd *****************
 Defined at:
		line 95 in file "LCD_16x2_4bit_mode.c"
 Parameters:    Size  Location     Type
  dec             2    8[COMRAM] int 
 Auto vars:     Size  Location     Type
  bdc             2   12[COMRAM] int 
 Return value:  Size  Location     Type
                  2    8[COMRAM] int 
 Registers used:
		wreg, status,2, status,0, cstack
 Tracked objects:
		On entry : 
		On exit  : 
		Unchanged: 
 Data sizes:     COMRAM   BANK0   BANK1   BANK2   BANK3   BANK4   BANK5   BANK6   BANK7
      Params:         2       0       0       0       0       0       0       0       0
      Locals:         2       0       0       0       0       0       0       0       0
      Temps:          2       0       0       0       0       0       0       0       0
      Totals:         6       0       0       0       0       0       0       0       0
Total ram usage:        6 bytes
 Hardware stack levels used:    1
 Hardware stack levels required when called:    1
 This function calls:
		___awdiv
		___awmod
 This function is called by:
		_main
 This function uses a non-reentrant model


 *************** function ___awmod *****************
 Defined at:
		line 7 in file "C:\Program Files\Microchip\xc8\v2.31\pic\sources\c99\common\awmod.c"
 Parameters:    Size  Location     Type
  dividend        2    0[COMRAM] int 
  divisor         2    2[COMRAM] int 
 Auto vars:     Size  Location     Type
  sign            1    5[COMRAM] unsigned char 
  counter         1    4[COMRAM] unsigned char 
 Return value:  Size  Location     Type
                  2    0[COMRAM] int 
 Registers used:
		wreg, status,2, status,0
 Tracked objects:
		On entry : 
		On exit  : 
		Unchanged: 
 Data sizes:     COMRAM   BANK0   BANK1   BANK2   BANK3   BANK4   BANK5   BANK6   BANK7
      Params:         4       0       0       0       0       0       0       0       0
      Locals:         2       0       0       0       0       0       0       0       0
      Temps:          0       0       0       0       0       0       0       0       0
      Totals:         6       0       0       0       0       0       0       0       0
Total ram usage:        6 bytes
 Hardware stack levels used:    1
 This function calls:
		Nothing
 This function is called by:
		_main
		_Dec2Bcd
 This function uses a non-reentrant model


 *************** function ___awdiv *****************
 Defined at:
		line 7 in file "C:\Program Files\Microchip\xc8\v2.31\pic\sources\c99\common\awdiv.c"
 Parameters:    Size  Location     Type
  dividend        2    0[COMRAM] int 
  divisor         2    2[COMRAM] int 
 Auto vars:     Size  Location     Type
  quotient        2    6[COMRAM] int 
  sign            1    5[COMRAM] unsigned char 
  counter         1    4[COMRAM] unsigned char 
 Return value:  Size  Location     Type
                  2    0[COMRAM] int 
 Registers used:
		wreg, status,2, status,0
 Tracked objects:
		On entry : 
		On exit  : 
		Unchanged: 
 Data sizes:     COMRAM   BANK0   BANK1   BANK2   BANK3   BANK4   BANK5   BANK6   BANK7
      Params:         4       0       0       0       0       0       0       0       0
      Locals:         4       0       0       0       0       0       0       0       0
      Temps:          0       0       0       0       0       0       0       0       0
      Totals:         8       0       0       0       0       0       0       0       0
Total ram usage:        8 bytes
 Hardware stack levels used:    1
 This function calls:
		Nothing
 This function is called by:
		_Dec2Bcd
 This function uses a non-reentrant model


 *************** function _Bcd2Dec *****************
 Defined at:
		line 101 in file "LCD_16x2_4bit_mode.c"
 Parameters:    Size  Location     Type
  bcd             2    6[COMRAM] int 
 Auto vars:     Size  Location     Type
  dec             2   11[COMRAM] int 
 Return value:  Size  Location     Type
                  2    6[COMRAM] int 
 Registers used:
		wreg, status,2, status,0, prodl, prodh, cstack
 Tracked objects:
		On entry : 
		On exit  : 
		Unchanged: 
 Data sizes:     COMRAM   BANK0   BANK1   BANK2   BANK3   BANK4   BANK5   BANK6   BANK7
      Params:         2       0       0       0       0       0       0       0       0
      Locals:         2       0       0       0       0       0       0       0       0
      Temps:          3       0       0       0       0       0       0       0       0
      Totals:         7       0       0       0       0       0       0       0       0
Total ram usage:        7 bytes
 Hardware stack levels used:    1
 Hardware stack levels required when called:    1
 This function calls:
		___wmul
 This function is called by:
		_main
 This function uses a non-reentrant model


 *************** function ___wmul *****************
 Defined at:
		line 15 in file "C:\Program Files\Microchip\xc8\v2.31\pic\sources\c99\common\Umul16.c"
 Parameters:    Size  Location     Type
  multiplier      2    0[COMRAM] unsigned int 
  multiplicand    2    2[COMRAM] unsigned int 
 Auto vars:     Size  Location     Type
  product         2    4[COMRAM] unsigned int 
 Return value:  Size  Location     Type
                  2    0[COMRAM] unsigned int 
 Registers used:
		wreg, status,2, status,0, prodl, prodh
 Tracked objects:
		On entry : 
		On exit  : 
		Unchanged: 
 Data sizes:     COMRAM   BANK0   BANK1   BANK2   BANK3   BANK4   BANK5   BANK6   BANK7
      Params:         4       0       0       0       0       0       0       0       0
      Locals:         2       0       0       0       0       0       0       0       0
      Temps:          0       0       0       0       0       0       0       0       0
      Totals:         6       0       0       0       0       0       0       0       0
Total ram usage:        6 bytes
 Hardware stack levels used:    1
 This function calls:
		Nothing
 This function is called by:
		_Bcd2Dec
 This function uses a non-reentrant model



MODULE INFORMATION

Module		Function		Class		Link	Load	Size
LCD_16x2_4bit_mode.c
		_LCD_String    		CODE           	15AA	0000	94
		_LCD_Init      		CODE           	19BC	0000	48
		_Bcd2Dec       		CODE           	181E	0000	66
		_LCD_Command   		CODE           	16FE	0000	76
		_LCD_String_xy 		CODE           	1860	0000	64
		_LCD_Char      		CODE           	16B2	0000	76
		_LCD_Clear     		CODE           	1AEC	0000	20
		_Dec2Bcd       		CODE           	1608	0000	88
		_MSdelay       		CODE           	174A	0000	74

LCD_16x2_4bit_mode.c estimated size: 606

C:\Program Files\Microchip\xc8\v2.31\pic\sources\c99\common\putch.c
		_putch         		CODE           	1B2E	0000	2

C:\Program Files\Microchip\xc8\v2.31\pic\sources\c99\common\putch.c estimated size: 2

C:\Program Files\Microchip\xc8\v2.31\pic\sources\c99\common\nf_fputs.c
		_fputs         		CODE           	17DA	0000	68

C:\Program Files\Microchip\xc8\v2.31\pic\sources\c99\common\nf_fputs.c estimated size: 68

C:\Program Files\Microchip\xc8\v2.31\pic\sources\c99\common\strlen.c
		_strlen        		CODE           	1986	0000	54

C:\Program Files\Microchip\xc8\v2.31\pic\sources\c99\common\strlen.c estimated size: 54

C:\Program Files\Microchip\xc8\v2.31\pic\sources\c99\common\awmod.c
		___awmod       		CODE           	143A	0000	176

C:\Program Files\Microchip\xc8\v2.31\pic\sources\c99\common\awmod.c estimated size: 176

C:\Program Files\Microchip\xc8\v2.31\pic\sources\c99\common\isupper.c
		_isupper       		CODE           	194E	0000	56

C:\Program Files\Microchip\xc8\v2.31\pic\sources\c99\common\isupper.c estimated size: 56

PIC18F4550_I2C_Source_File.c
		_I2C_Write     		CODE           	1A6E	0000	34
		_I2C_Stop      		CODE           	1B00	0000	20
		_I2C_Read      		CODE           	18DC	0000	58
		_I2C_Ready     		CODE           	1B14	0000	18
		_I2C_Init      		CODE           	1AAA	0000	26
		_I2C_Repeated_Start		CODE           	1A1A	0000	46
		_I2C_Ack       		CODE           	1AD8	0000	20
		_I2C_Nack      		CODE           	1AC4	0000	20
		_I2C_Start     		CODE           	19EC	0000	46

PIC18F4550_I2C_Source_File.c estimated size: 288

C:\Program Files\Microchip\xc8\v2.31\pic\sources\c99\common\nf_fputc.c
		_fputc         		CODE           	11EA	0000	202

C:\Program Files\Microchip\xc8\v2.31\pic\sources\c99\common\nf_fputc.c estimated size: 202

shared
		__initialization		CODE           	1A90	0000	16

shared estimated size: 16

C:\Program Files\Microchip\xc8\v2.31\pic\sources\c99\common\islower.c
		_islower       		CODE           	1916	0000	56

C:\Program Files\Microchip\xc8\v2.31\pic\sources\c99\common\islower.c estimated size: 56

C:\Program Files\Microchip\xc8\v2.31\pic\sources\c99\common\awdiv.c
		___awdiv       		CODE           	12B4	0000	196

C:\Program Files\Microchip\xc8\v2.31\pic\sources\c99\common\awdiv.c estimated size: 196

C:\Program Files\Microchip\xc8\v2.31\pic\sources\c99\common\doprnt.c
		_vfpfcnvrt     		CODE           	101A	0000	464
		_pad           		CODE           	1378	0000	194
		_vfprintf      		CODE           	14EA	0000	98
		_xtoa          		CODE           	0D46	0000	724

C:\Program Files\Microchip\xc8\v2.31\pic\sources\c99\common\doprnt.c estimated size: 1480

C:\Program Files\Microchip\xc8\v2.31\pic\sources\c99\common\nf_sprintf.c
		_sprintf       		CODE           	1660	0000	82

C:\Program Files\Microchip\xc8\v2.31\pic\sources\c99\common\nf_sprintf.c estimated size: 82

C:\Program Files\Microchip\xc8\v2.31\pic\sources\c99\common\toupper.c
		_toupper       		CODE           	154C	0000	94

C:\Program Files\Microchip\xc8\v2.31\pic\sources\c99\common\toupper.c estimated size: 94

C:\Program Files\Microchip\xc8\v2.31\pic\sources\c99\common\isalpha.c
		_isalpha       		CODE           	18A0	0000	60

C:\Program Files\Microchip\xc8\v2.31\pic\sources\c99\common\isalpha.c estimated size: 60

C:\Program Files\Microchip\xc8\v2.31\pic\sources\c99\common\Umul16.c
		___wmul        		CODE           	1A48	0000	38

C:\Program Files\Microchip\xc8\v2.31\pic\sources\c99\common\Umul16.c estimated size: 38

RTC.c
		_init_leds_botons		CODE           	1B26	0000	8
		_main          		CODE           	083C	0000	1290
		_RTC_Read_Clock		CODE           	1794	0000	70

RTC.c estimated size: 1368

